eeschema (2013-jul-07)-stable  >> Creation date: Tue 03 Jan 2017 01:25:18 PM PST

#Cmp ( order = Value )
| 10nF         C1        
| 10nF         C5        
| 10nF         C30       
| 10nF         C37       
| 10nF         C39       
| 56nF         C19       
| 56nF         C20       
| 56nF         C21       
| 56nF         C22       
| 0.1uF        C2        
| 0.1uF        C6        
| 0.1uF        C10       
| 0.1uF        C11       
| 0.1uF        C12       
| 0.1uF        C13       
| 0.1uF        C14       
| 0.1uF        C15       
| 0.1uF        C17       
| 0.1uF        C23       
| 0.1uF        C24       
| 0.1uF        C25       
| 0.1uF        C27       
| 0.1uF        C28       
| 0.1uF        C33       
| 0.1uF        C34       
| 0.1uF        C35       
| 1uF          C9        
| 4.7uF        C3        
| 4.7uF        C7        
| 4.7uF        C32       
| 4.7uf        C38       
| 10uF         C4        
| 10uF         C8        
| 10uF         C16       
| 10uF         C18       
| 10uF         C26       
| 10uF         C29       
| 10uF         C31       
| 10uF         C36       
| BAS07-04     D1        
| BAS07-04     D2        
| CONN_3       K1        
| CONN_2       P1        
| CONN_2       P2        
| CONN_2       P3        
| CONN_2       P4        
| CONN_2       P5        
| CONN_2       P6        
| CONN_2       P7        
| CONN_2       P8        
| CONN_2       P9        
| CONN_2       P10       
| CONN_2       P11       
| CONN_2       P12       
| CONN_5X2     P13       
| CONN_5X2     P14       
| CONN_2X2     P15       
| CONN_2X2     P16       
| CONN_2       P17       
| CONN_2       P18       
| CONN_2       P19       
| CONN_2       P20       
| CONN_2       P21       
| 100          R17       
| 100          R19       
| 191          R4        
| 600          R5        
| 1k           R1        
| 1k           R15       
| 1k           R18       
| 3k           R12       
| 3k           R13       
| 4.7k         R14       
| 4.7k         R16       
| 6k           R6        
| 10k          R2        
| 10k          R3        
| 50k          R9        
| 50k          R10       
| 50k          R11       
| 60k          R7        
| 600k         R8        
| ADG44X       U9        
| ADG44X       U13       
| ZXRE060      U1        
| TEENSY3.1    U2        
| MAX6176AASA+ U3        
| LT1995       U4        
| AD8250       U5        
| MEA1D05XXSC  U6        
| OPA129       U7        
| OPA129       U8        
| OPA227       U10       
| OP07         U11       
| LT1995       U12       
#End Cmp

#End List
